---
source: tests/games.rs
expression: body
---
{
  "awayScore": 0,
  "awayTeam": {
    "id": "[uuid]",
    "name": "FC Test"
  },
  "awayTeamId": "[uuid]",
  "cancelled": false,
  "createdAt": "[timestamp]",
  "dateTime": "[dateTime]",
  "homeScore": 0,
  "homeTeam": {
    "id": "[uuid]",
    "name": "De Noordpool"
  },
  "homeTeamId": "[uuid]",
  "id": "[uuid]",
  "location": "Stadium",
  "status": "scheduled",
  "updatedAt": "[timestamp]",
  "version": 0
}
