---
source: tests/stats.rs
expression: body
---
{
  "appearances": 1,
  "assists": 1,
  "gameTimeline": [
    {
      "assists": 1,
      "cumulativeAssists": 1,
      "cumulativeGoals": 2,
      "dateTime": "2024-01-15T18:00:00Z",
      "gameId": "[uuid]",
      "goals": 2,
      "opponent": "FC Rival",
      "redCards": 0,
      "yellowCards": 1
    }
  ],
  "goalMatches": [
    {
      "awayScore": 0,
      "dateTime": "2024-01-15T18:00:00Z",
      "gameId": "[uuid]",
      "homeAway": "home",
      "homeScore": 2,
      "minutes": [
        10,
        55
      ],
      "opponent": "FC Rival"
    }
  ],
  "goals": 2,
  "playerId": "[uuid]",
  "redCards": 0,
  "yellowCards": 1
}
