---
source: tests/stats.rs
expression: body
---
{
  "appearances": 1,
  "assists": 1,
  "gameTimeline": [
    {
      "assists": 1,
      "awayTeam": {
        "id": "[uuid]",
        "name": "FC Rival"
      },
      "cumulativeAssists": 1,
      "cumulativeGoals": 2,
      "dateTime": "2024-01-15T18:00:00Z",
      "gameId": "[uuid]",
      "goals": 2,
      "homeTeam": {
        "id": "[uuid]",
        "name": "De Noordpool"
      },
      "redCards": 0,
      "yellowCards": 1
    }
  ],
  "goalMatches": [
    {
      "awayScore": 0,
      "awayTeam": {
        "id": "[uuid]",
        "name": "FC Rival"
      },
      "dateTime": "2024-01-15T18:00:00Z",
      "gameId": "[uuid]",
      "homeScore": 4,
      "homeTeam": {
        "id": "[uuid]",
        "name": "De Noordpool"
      },
      "minutes": [
        10,
        55
      ]
    }
  ],
  "goals": 2,
  "playerId": "[uuid]",
  "redCards": 0,
  "yellowCards": 1
}
